There was shittery parsing json!
There was shittery parsing json!
Assigned ItemBlockWithSubtypes to tile.stone tab = net.minecraft.world.level.creative.CreativeTabBlock@61bbe9ba.
Assigned ItemBlockWithSubtypes to tile.grass tab = net.minecraft.world.level.creative.CreativeTabBlock@61bbe9ba.
Assigned ItemBlockWithSubtypes to tile.sapling tab = net.minecraft.world.level.creative.CreativeTabDeco@610455d6.
Assigned ItemBlockWithSubtypes to tile.log tab = net.minecraft.world.level.creative.CreativeTabBlock@61bbe9ba.
Assigned ItemBlockWithSubtypes to tile.leaves tab = net.minecraft.world.level.creative.CreativeTabDeco@610455d6.
Assigned ItemBlockWithSubtypes to tile.flower tab = net.minecraft.world.level.creative.CreativeTabDeco@610455d6.
Assigned ItemBlockWithSubtypes to tile.coral tab = net.minecraft.world.level.creative.CreativeTabDeco@610455d6.
Assigned ItemBlockWithSubtypes to tile.chippedWood tab = net.minecraft.world.level.creative.CreativeTabBlock@61bbe9ba.
Assigned ItemBlockWithSubtypes to tile.bigFlower tab = net.minecraft.world.level.creative.CreativeTabBlock@61bbe9ba.
Assigned ItemBlockWithSubtypes to tile.boneBlock tab = net.minecraft.world.level.creative.CreativeTabBlock@61bbe9ba.
Assigned ItemBlockWithSubtypes to tile.hedge tab = net.minecraft.world.level.creative.CreativeTabDeco@610455d6.
Assigned ItemBlockWithSubtypes to tile.log tab = net.minecraft.world.level.creative.CreativeTabBlock@61bbe9ba.
Assigned ItemBlockWithSubtypes to tile.leaves tab = net.minecraft.world.level.creative.CreativeTabBlock@61bbe9ba.
Assigned ItemBlockWithSubtypes to tile.sapling tab = net.minecraft.world.level.creative.CreativeTabDeco@610455d6.
Assigned ItemBlockWithSubtypes to tile.log tab = net.minecraft.world.level.creative.CreativeTabBlock@61bbe9ba.
Assigned ItemBlockWithSubtypes to tile.leaves tab = net.minecraft.world.level.creative.CreativeTabBlock@61bbe9ba.
Assigned ItemBlockWithSubtypes to tile.sapling tab = net.minecraft.world.level.creative.CreativeTabDeco@610455d6.
221 recipes
54 achievements
Time for the next thundering time change 101045
Time for the next snowing time change 8207
Time for the next snowing time change 55173
